MAP
    IMAGETYPE      PNG24
    SHAPEPATH      "layers"
    IMAGECOLOR     255 255 255
    FONTSET        "../fonts/fonts.list"
    EXTENT         -180 -90 180 90
    SIZE           6000 3000

    PROJECTION
        "init=epsg:4326"
    END

    LAYER # MODIS raster layer begins here
        NAME         raster_left
        DATA         "%eastFileName%"
        GROUP        "raster"
        STATUS       ON
        DEBUG        5
        TYPE         RASTER
        VALIDATION
            'eastFileName' 'png$'
        END
    END # MODIS raster layer ends here

    LAYER # MODIS raster layer begins here
        NAME         raster_right
        DATA         "%westFileName%"
        GROUP        "raster"
        STATUS       ON
        DEBUG        5
        TYPE         RASTER
        VALIDATION
            'westFileName' 'png$'
        END
    END # MODIS raster layer ends here

    LAYER # States polygon layer begins here
        NAME         southern_pac
        DATA         southern_pac
        GROUP        land
        STATUS       ON
        TYPE         POLYGON

        CLASS
            NAME 'land'

            STYLE
                COLOR      241 235 183
                OUTLINECOLOR  50 50 50
                WIDTH 1
                ANTIALIAS TRUE
            END
         END
    END # States polygon layer ends here

    LAYER # States polygon layer begins here
        NAME         world
        DATA         land
        GROUP        land
        STATUS       ON
        TYPE         POLYGON
        FILTERITEM   "southern_p"
        FILTER       "0"

        CLASS
            NAME 'land'

            STYLE
                COLOR      241 235 183
                OUTLINECOLOR  241 235 183 # FIXME: outline coasts
                WIDTH 1
                ANTIALIAS TRUE
            END
        END
    END # States polygon layer ends here

    SYMBOL
        NAME "natcap"
        TYPE TRUETYPE
        FONT sans
        FILLED true
        ANTIALIAS true
        CHARACTER "&#9733;"
    END

    LAYER
        NAME         countries
        DATA         pacific_islands_capitals
        STATUS       ON
        TYPE         POINT

        PROCESSING "LABEL_NO_CLIP=True"
        LABELITEM    "NAME"
        CLASSITEM    "SCALERANK"
        MINSCALEDENOM    1
        MAXSCALEDENOM    100

        CLASS
            EXPRESSION ([SCALERANK]==1)
            LABEL
                COLOR 0 0 0
                SHADOWSIZE 1 1
                TYPE TRUETYPE
                FONT sans
                SIZE 11
                MAXLENGTH 10
                WRAP ' '
                ANTIALIAS TRUE
                POSITION AUTO
                PARTIALS FALSE
                OFFSET 1 1
                FORCE FALSE
            END # end of label
        END
    END

    LAYER
        NAME         capitals
        DATA         pacific_islands_capitals
        STATUS       ON
        TYPE         POINT

        LABELITEM    "NAME"
        CLASSITEM    "SCALERANK"
        MINSCALEDENOM    1
        MAXSCALEDENOM    100

        CLASS
            EXPRESSION ([SCALERANK]==2)
            LABEL
                COLOR 0 0 0
                SHADOWSIZE 1 1
                TYPE TRUETYPE
                FONT sans
                SIZE 8
                ANTIALIAS TRUE
                POSITION AUTO
                PARTIALS FALSE
                FORCE FALSE
            END # end of label

            STYLE
                SYMBOL "natcap"
                COLOR 0 0 0
                SIZE 8
            END
        END
    END

END
